// Jest Snapshot v1, https://goo.gl/fbAQLP

exports[`Reset component renders correctly 1`] = `
<div>
  <div
    class="fixed w-full h-full overflow-x-hidden z-10 bg-gray/50 top-0 left-0"
  >
    <div
      class="block w-full mx-auto my-0"
    >
      <div
        class="flex fixed inset-0 items-center justify-center z-50 "
      >
        <div
          class="relative flex bg-white w-[360px] shadow-[0px_4px_67px_-12px_rgba(0,0,0,0.13)] mx-auto my-0 px-[60px] py-[50px] rounded-[30px] border-[0.7px] border-solid border-[#d4dbe5] flex-col items-center"
        >
          <button
            class="absolute top-4 right-6 text-gray hover:text-dark-gray text-3xl transition-colors duration-200"
          >
            ×
          </button>
          <div
            class="pb-[40px]"
          >
            <img
              alt="logo"
              src="/img/logo.png"
            />
          </div>
          <input
            class="input-class placeholder:text-white-gray"
            placeholder="Текущий пароль"
            type="password"
            value=""
          />
          <input
            class="input-class placeholder:text-white-gray"
            placeholder="Новый пароль"
            type="password"
            value=""
          />
          <input
            class="input-class placeholder:text-white-gray"
            placeholder="Повторите пароль"
            type="password"
            value=""
          />
          <div
            class="h-[60px] w-[280px] gap-[10px] text-center"
          />
          <button
            class="btn-primary w-[280px] h-[52px] mt-4"
          >
            Подтвердить
          </button>
        </div>
      </div>
    </div>
  </div>
</div>
`;
